src/app/diagnostics/[slug]/page.tsx(45,39): error TS2339: Property 'category' does not exist on type 'Diagnostic'.
src/app/diagnostics/[slug]/page.tsx(49,65): error TS2339: Property 'description' does not exist on type 'Diagnostic'.
src/app/diagnostics/[slug]/page.tsx(61,49): error TS2339: Property 'report_time' does not exist on type 'Diagnostic'.
src/app/diagnostics/[slug]/page.tsx(66,39): error TS2339: Property 'home_collection' does not exist on type 'Diagnostic'.
src/app/diagnostics/[slug]/page.tsx(71,39): error TS2339: Property 'fasting_required' does not exist on type 'Diagnostic'.
src/app/diagnostics/[slug]/page.tsx(76,39): error TS2339: Property 'sample_type' does not exist on type 'Diagnostic'.
src/app/diagnostics/[slug]/page.tsx(76,59): error TS2339: Property 'sample_type' does not exist on type 'Diagnostic'.
src/app/diagnostics/[slug]/page.tsx(78,81): error TS2339: Property 'sample_type' does not exist on type 'Diagnostic'.
src/app/diagnostics/[slug]/page.tsx(81,39): error TS2339: Property 'parameters_count' does not exist on type 'Diagnostic'.
src/app/diagnostics/[slug]/page.tsx(81,64): error TS2339: Property 'parameters_count' does not exist on type 'Diagnostic'.
src/app/diagnostics/[slug]/page.tsx(83,78): error TS2339: Property 'parameters_count' does not exist on type 'Diagnostic'.
src/app/diagnostics/[slug]/page.tsx(95,39): error TS2339: Property 'home_collection' does not exist on type 'Diagnostic'.
src/app/diagnostics/[slug]/page.tsx(113,31): error TS2339: Property 'description' does not exist on type 'Diagnostic'.
src/app/diagnostics/[slug]/page.tsx(118,77): error TS2339: Property 'description' does not exist on type 'Diagnostic'.
src/app/diagnostics/[slug]/page.tsx(131,73): error TS2339: Property 'preparation_instructions' does not exist on type 'Diagnostic'.
src/app/diagnostics/[slug]/page.tsx(235,71): error TS2339: Property 'description' does not exist on type 'Diagnostic'.
src/app/diagnostics/page.tsx(40,26): error TS2339: Property 'category' does not exist on type 'Diagnostic'.
src/app/diagnostics/page.tsx(268,46): error TS2551: Property 'seo_description' does not exist on type 'Diagnostic'. Did you mean 'short_description'?
src/app/doctor/near-me/[city]/departments/[slug]/page.tsx(11,10): error TS2300: Duplicate identifier 'siteConfig'.
src/app/doctor/near-me/[city]/departments/[slug]/page.tsx(19,10): error TS2300: Duplicate identifier 'siteConfig'.
src/app/doctor/near-me/[city]/departments/[slug]/page.tsx(88,42): error TS2304: Cannot find name 'WHATSAPP_NUMBER'.
src/app/doctor/near-me/[city]/doctors/[doctorSlug]/page.tsx(12,10): error TS2300: Duplicate identifier 'siteConfig'.
src/app/doctor/near-me/[city]/doctors/[doctorSlug]/page.tsx(20,10): error TS2300: Duplicate identifier 'siteConfig'.
src/app/doctor/near-me/[city]/doctors/[doctorSlug]/page.tsx(97,42): error TS2304: Cannot find name 'WHATSAPP_NUMBER'.
src/app/doctors/page.tsx(26,37): error TS7006: Parameter 'd' implicitly has an 'any' type.
src/app/doctors/page.tsx(42,39): error TS7006: Parameter 'doctor' implicitly has an 'any' type.
src/app/doctors/page.tsx(62,14): error TS2304: Cannot find name 'EntityReviews'.
src/app/health-packages/[slug]/page.tsx(18,20): error TS2339: Property 'seo_title' does not exist on type 'HealthPackage'.
src/app/health-packages/[slug]/page.tsx(19,26): error TS2551: Property 'seo_description' does not exist on type 'HealthPackage'. Did you mean 'shortDescription'?
src/app/health-packages/[slug]/page.tsx(19,123): error TS18048: 'pkg.tests_included' is possibly 'undefined'.
src/app/health-packages/[slug]/page.tsx(31,22): error TS18048: 'pkg.tests_included' is possibly 'undefined'.
src/app/health-packages/[slug]/page.tsx(50,38): error TS2551: Property 'short_description' does not exist on type 'HealthPackage'. Did you mean 'shortDescription'?
src/app/health-packages/[slug]/page.tsx(82,38): error TS2551: Property 'original_price' does not exist on type 'HealthPackage'. Did you mean 'originalPrice'?
src/app/health-packages/[slug]/page.tsx(84,82): error TS2551: Property 'original_price' does not exist on type 'HealthPackage'. Did you mean 'originalPrice'?
src/app/health-packages/[slug]/page.tsx(84,118): error TS2551: Property 'original_price' does not exist on type 'HealthPackage'. Did you mean 'originalPrice'?
src/app/health-packages/[slug]/page.tsx(84,135): error TS18048: 'pkg.price' is possibly 'undefined'.
src/app/health-packages/[slug]/page.tsx(201,44): error TS2551: Property 'short_description' does not exist on type 'HealthPackage'. Did you mean 'shortDescription'?
src/app/health-packages/page.tsx(64,120): error TS2551: Property 'is_featured' does not exist on type 'HealthPackage'. Did you mean 'isFeatured'?
src/app/health-packages/page.tsx(66,34): error TS2551: Property 'is_featured' does not exist on type 'HealthPackage'. Did you mean 'isFeatured'?
src/app/health-packages/page.tsx(71,38): error TS2551: Property 'is_featured' does not exist on type 'HealthPackage'. Did you mean 'isFeatured'?
src/app/health-packages/page.tsx(79,42): error TS2551: Property 'short_description' does not exist on type 'HealthPackage'. Did you mean 'shortDescription'?
src/app/health-packages/page.tsx(84,42): error TS2551: Property 'original_price' does not exist on type 'HealthPackage'. Did you mean 'originalPrice'?
src/app/health-packages/page.tsx(85,132): error TS2551: Property 'original_price' does not exist on type 'HealthPackage'. Did you mean 'originalPrice'?
src/app/health-packages/page.tsx(94,42): error TS18048: 'pkg.tests_included' is possibly 'undefined'.
src/app/patients/international/page.tsx(23,16): error TS2304: Cannot find name 'FileText'.
src/app/patients/international/page.tsx(33,16): error TS2304: Cannot find name 'HeartCardiogram'.
src/app/patients/international/page.tsx(46,18): error TS2304: Cannot find name 'SectionContainer'.
src/app/patients/international/page.tsx(49,30): error TS2304: Cannot find name 'Globe2'.
src/app/patients/international/page.tsx(59,19): error TS2304: Cannot find name 'SectionContainer'.
src/app/patients/international/page.tsx(63,14): error TS2304: Cannot find name 'SectionContainer'.
src/app/patients/international/page.tsx(77,15): error TS2304: Cannot find name 'SectionContainer'.
src/app/patients/international/page.tsx(80,14): error TS2304: Cannot find name 'SectionContainer'.
src/app/patients/international/page.tsx(95,42): error TS2304: Cannot find name 'Sparkles'.
src/app/patients/international/page.tsx(106,30): error TS2304: Cannot find name 'Stethoscope'.
src/app/patients/international/page.tsx(131,15): error TS2304: Cannot find name 'SectionContainer'.
src/app/patients/international/page.tsx(138,18): error TS2304: Cannot find name 'SectionContainer'.
src/app/patients/international/page.tsx(160,19): error TS2304: Cannot find name 'SectionContainer'.
src/app/patients/international/page.tsx(164,14): error TS2304: Cannot find name 'SectionContainer'.
src/app/patients/international/page.tsx(171,22): error TS2304: Cannot find name 'INTERNATIONAL_COUNTRIES'.
src/app/patients/international/page.tsx(171,51): error TS7006: Parameter 'c' implicitly has an 'any' type.
src/app/patients/international/page.tsx(182,15): error TS2304: Cannot find name 'SectionContainer'.
src/app/patients/international/page.tsx(185,14): error TS2304: Cannot find name 'SectionContainer'.
src/app/patients/international/page.tsx(190,26): error TS2304: Cannot find name 'Globe2'.
src/app/patients/international/page.tsx(212,34): error TS2304: Cannot find name 'FileText'.
src/app/patients/international/page.tsx(218,15): error TS2304: Cannot find name 'SectionContainer'.
src/app/patients/international/page.tsx(221,14): error TS2304: Cannot find name 'SectionContainer'.
src/app/patients/international/page.tsx(238,15): error TS2304: Cannot find name 'SectionContainer'.
